ant -f /home/psgendb/BIRCHDEV/java/biolegato-dev/BioLegato/src/nbproject/nbjdk.xml build
build:
BioLegato.build:
BioPCD.build:
Java Compiler Compiler Version 5.0 (Parser Generator)
(type "javacc" with no arguments for help)
Reading from file /home/psgendb/BIRCHDEV/java/biolegato-dev/BioLegato/src/BioPCD/parser/build/org/biopcd/parser/pcd.jj . . .
Warning: Choice conflict involving two expansions at
         line 936, column 15 and line 937, column 15 respectively.
         A common prefix is: <WSP>
         Consider using a lookahead of 2 for earlier expansion.
Warning: Choice conflict involving two expansions at
         line 1256, column 11 and line 1272, column 11 respectively.
         A common prefix is: <WSP>
         Consider using a lookahead of 2 for earlier expansion.
Warning: Choice conflict in [...] construct at line 1571, column 5.
         Expansion nested within construct and expansion following construct
         have common prefixes, one of which is: <WSP>
         Consider using a lookahead of 2 or more for nested expansion.
Warning: Choice conflict in (...)* construct at line 1603, column 5.
         Expansion nested within construct and expansion following construct
         have common prefixes, one of which is: <WSP>
         Consider using a lookahead of 2 or more for nested expansion.
Warning: Choice conflict in [...] construct at line 1671, column 9.
         Expansion nested within construct and expansion following construct
         have common prefixes, one of which is: <WSP>
         Consider using a lookahead of 2 or more for nested expansion.
Warning: Choice conflict in [...] construct at line 1675, column 9.
         Expansion nested within construct and expansion following construct
         have common prefixes, one of which is: <WSP>
         Consider using a lookahead of 2 or more for nested expansion.
Warning: Choice conflict in [...] construct at line 1682, column 9.
         Expansion nested within construct and expansion following construct
         have common prefixes, one of which is: <WSP>
         Consider using a lookahead of 2 or more for nested expansion.
File "TokenMgrError.java" is being rebuilt.
File "ParseException.java" is being rebuilt.
File "Token.java" is being rebuilt.
File "SimpleCharStream.java" is being rebuilt.
Parser generated with 0 errors and 7 warnings.
BioPCD parser.build:
Compiling 7 source files to /home/psgendb/BIRCHDEV/java/biolegato-dev/BioLegato/src/BioPCD/parser/build

          WARNING

The -source switch defaults to 9 in JDK 9.
If you specify -target 1.8 you now must also specify -source 1.8.
Ant will implicitly add -source 1.8 for you.  Please change your build file.
warning: [options] bootstrap class path not set in conjunction with -source 8
Note: /home/psgendb/BIRCHDEV/java/biolegato-dev/BioLegato/src/BioPCD/parser/build/org/biopcd/parser/PCD.java uses unchecked or unsafe operations.
Note: Recompile with -Xlint:unchecked for details.
1 warning
Building jar: /home/psgendb/BIRCHDEV/java/biolegato-dev/BioLegato/src/BioPCD/parser/bin/biopcd.jar
Copying 1 file to /home/psgendb/BIRCHDEV/java/biolegato-dev/BioLegato/src/BioPCD/bin
BioLegato GDE2PCD menu converter.build:
Copying 1 file to /home/psgendb/BIRCHDEV/java/biolegato-dev/BioLegato/src/bin
BioLegato Core.build:
BioLegato Canvases.build:
BioLegato sequence canvas support plugin.build:
Compiling 7 source files to /home/psgendb/BIRCHDEV/java/biolegato-dev/BioLegato/src/Canvases/Sequence/build

          WARNING

The -source switch defaults to 9 in JDK 9.
If you specify -target 1.8 you now must also specify -source 1.8.
Ant will implicitly add -source 1.8 for you.  Please change your build file.
warning: [options] bootstrap class path not set in conjunction with -source 8
/home/psgendb/BIRCHDEV/java/biolegato-dev/BioLegato/src/Canvases/Sequence/build/org/biolegato/sequence/canvas/SequenceList.java:80: warning: [removal] Integer(int) in Integer has been deprecated and marked for removal
            putValue(MNEMONIC_KEY, new Integer(java.awt.event.KeyEvent.VK_S));
/home/psgendb/BIRCHDEV/java/biolegato-dev/BioLegato/src/Canvases/Sequence/build/org/biolegato/sequence/canvas/SequenceList.java:118: warning: [removal] Integer(int) in Integer has been deprecated and marked for removal
            putValue(MNEMONIC_KEY, new Integer(java.awt.event.KeyEvent.VK_G));
/home/psgendb/BIRCHDEV/java/biolegato-dev/BioLegato/src/Canvases/Sequence/build/org/biolegato/sequence/canvas/SequenceList.java:154: warning: [removal] Integer(int) in Integer has been deprecated and marked for removal
            putValue(MNEMONIC_KEY, new Integer(java.awt.event.KeyEvent.VK_D));
/home/psgendb/BIRCHDEV/java/biolegato-dev/BioLegato/src/Canvases/Sequence/build/org/biolegato/sequence/canvas/SequenceList.java:180: warning: [removal] Integer(int) in Integer has been deprecated and marked for removal
            putValue(MNEMONIC_KEY, new Integer(java.awt.event.KeyEvent.VK_A));
/home/psgendb/BIRCHDEV/java/biolegato-dev/BioLegato/src/Canvases/Sequence/build/org/biolegato/sequence/canvas/SequenceList.java:207: warning: [removal] Integer(int) in Integer has been deprecated and marked for removal
            putValue(MNEMONIC_KEY, new Integer(java.awt.event.KeyEvent.VK_S));
/home/psgendb/BIRCHDEV/java/biolegato-dev/BioLegato/src/Canvases/Sequence/build/org/biolegato/sequence/canvas/SequenceList.java:496: error: method delete in class Dataset cannot be applied to given types;
            datamodel.delete(0, sequenceNumber, length, false);
  required: int,int,int,boolean,boolean
  found:    int,int,int,boolean
  reason: actual and formal argument lists differ in length
/home/psgendb/BIRCHDEV/java/biolegato-dev/BioLegato/src/Canvases/Sequence/build/org/biolegato/sequence/canvas/SequenceTextArea.java:1254: error: method insert in class Dataset cannot be applied to given types;
            datamodel.insert(x, y, text, 0, text.length, true);
  required: int,int,char[],int,int,boolean,boolean
  found:    int,int,char[],int,int,boolean
  reason: actual and formal argument lists differ in length
/home/psgendb/BIRCHDEV/java/biolegato-dev/BioLegato/src/Canvases/Sequence/build/org/biolegato/sequence/canvas/SequenceTextArea.java:1316: error: method delete in class Dataset cannot be applied to given types;
            result |= datamodel.delete(x, count, w, true);
  required: int,int,int,boolean,boolean
  found:    int,int,int,boolean
  reason: actual and formal argument lists differ in length
/home/psgendb/BIRCHDEV/java/biolegato-dev/BioLegato/src/Canvases/Sequence/build/org/biolegato/sequence/canvas/SequenceTextArea.java:1331: error: method delete in class Dataset cannot be applied to given types;
                    result |= datamodel.delete(x, gln, w, true);
  required: int,int,int,boolean,boolean
  found:    int,int,int,boolean
  reason: actual and formal argument lists differ in length
/home/psgendb/BIRCHDEV/java/biolegato-dev/BioLegato/src/Canvases/Sequence/build/org/biolegato/sequence/data/GDEFlatfile.java:136: error: method insert in class Dataset cannot be applied to given types;
                    datamodel.insert(x, y, text, 0, text.length, true);
  required: int,int,char[],int,int,boolean,boolean
  found:    int,int,char[],int,int,boolean
  reason: actual and formal argument lists differ in length
/home/psgendb/BIRCHDEV/java/biolegato-dev/BioLegato/src/Canvases/Sequence/build/org/biolegato/sequence/data/GenBankFile2008.java:274: error: method insert in class Dataset cannot be applied to given types;
                        datamodel.insert(x, y, text, 0, text.length, true);
  required: int,int,char[],int,int,boolean,boolean
  found:    int,int,char[],int,int,boolean
  reason: actual and formal argument lists differ in length
Note: Some input files use unchecked or unsafe operations.
Note: Recompile with -Xlint:unchecked for details.
6 errors
6 warnings
/home/psgendb/BIRCHDEV/java/biolegato-dev/BioLegato/src/nbproject/nbjdk.xml:8: The following error occurred while executing this line:
/home/psgendb/BIRCHDEV/java/biolegato-dev/BioLegato/src/build.xml:30: The following error occurred while executing this line:
/home/psgendb/BIRCHDEV/java/biolegato-dev/BioLegato/src/build.xml:32: The following error occurred while executing this line:
/home/psgendb/BIRCHDEV/java/biolegato-dev/BioLegato/src/Canvases/build.xml:31: The following error occurred while executing this line:
/home/psgendb/BIRCHDEV/java/biolegato-dev/BioLegato/src/Canvases/build.xml:33: The following error occurred while executing this line:
/home/psgendb/BIRCHDEV/java/biolegato-dev/BioLegato/src/Canvases/Sequence/build.xml:109: Compile failed; see the compiler error output for details.
BUILD FAILED (total time: 3 seconds)
